
================================================================================
RUNNING COMPREHENSIVE TEST SUITE
================================================================================

.venv\Scripts\python.exe : Creating test database for alias 'default' 
('file:memorydb_default?mode=memory&cache=shared')...
At line:1 char:1
+ .venv\Scripts\python.exe run_full_tests.py > test_output.txt 2>&1
+ ~~~~~~~~~~~~~~~~~~~~~~~~~~~~~~~~~~~~~~~~~~~~~~~~~~~~~~~~~~~~~~~~~
    + CategoryInfo          : NotSpecified: (Creating test d...che=shared')... 
   :String) [], RemoteException
    + FullyQualifiedErrorId : NativeCommandError
 

Found 29 test(s).
Operations to perform:
  Synchronize unmigrated apps: crispy_bootstrap5, crispy_forms, django_extensions, messages, runserver_nostatic, staticfiles, webtemplate_dbca
  Apply all migrations: admin, auth, contenttypes, ibms, reversion, sessions, sfm
Synchronizing apps without migrations:
  Creating tables...
    Running deferred SQL...
Running migrations:
  Applying contenttypes.0001_initial... OK
  Applying auth.0001_initial... OK
  Applying admin.0001_initial... OK
  Applying admin.0002_logentry_remove_auto_add... OK
  Applying admin.0003_logentry_add_action_flag_choices... OK
  Applying contenttypes.0002_remove_content_type_name... OK
  Applying auth.0002_alter_permission_name_max_length... OK
  Applying auth.0003_alter_user_email_max_length... OK
  Applying auth.0004_alter_user_username_opts... OK
  Applying auth.0005_alter_user_last_login_null... OK
  Applying auth.0006_require_contenttypes_0002... OK
  Applying auth.0007_alter_validators_add_error_messages... OK
  Applying auth.0008_alter_user_username_max_length... OK
  Applying auth.0009_alter_user_last_name_max_length... OK
  Applying auth.0010_alter_group_name_max_length... OK
  Applying auth.0011_update_proxy_permissions... OK
  Applying auth.0012_alter_user_first_name_max_length... OK
  Applying sfm.0001_squashed_0003_auto_20180319_0924... OK
  Applying sfm.0002_auto_20190814_1113... OK
  Applying sfm.0003_auto_20210329_0853... OK
  Applying sfm.0004_auto_20210423_1306... OK
  Applying sfm.0005_auto_20210429_0821... OK
  Applying sfm.0006_sfmmetric_region... OK
  Applying sfm.0007_costcentre_region... OK
  Applying sfm.0008_auto_20210830_0943... OK
  Applying sfm.0009_auto_20210913_0858... OK
  Applying ibms.0001_initial... OK
  Applying ibms.0002_auto_20170904_1150... OK
  Applying ibms.0003_auto_20170908_0926... OK
  Applying ibms.0004_auto_20180326_1257... OK
  Applying ibms.0005_serviceprioritymappings... OK
  Applying ibms.0006_auto_20180813_1603... OK
  Applying ibms.0007_auto_20180813_1604... OK
  Applying ibms.0008_auto_20180815_1438... OK
  Applying ibms.0009_auto_20190708_1153... OK
  Applying ibms.0010_auto_20190808_1104... OK
  Applying ibms.0011_auto_20190814_1110... OK
  Applying ibms.0012_auto_20190905_1455... OK
  Applying ibms.0013_glpivdownload_download_period... OK
  Applying ibms.0014_auto_20230808_0743... OK
  Applying ibms.0015_remove_ibmdata_corporateplanno_and_more... OK
  Applying ibms.0016_alter_ibmdata_fy... OK
  Applying ibms.0017_rename_action_ncstrategicplan_action_and_more... OK
  Applying ibms.0018_alter_glpivdownload_fybudget_and_more... OK
  Applying ibms.0019_glpivdownload_ibmdata... OK
  Applying ibms.0020_ibmdata_modified_ibmdata_modifier... OK
  Applying ibms.0021_alter_ibmdata_ibmidentifier... OK
  Applying ibms.0022_auto_20251016_1201... OK
  Applying ibms.0023_erservicepriority_corporate_strategy_and_more... OK
  Applying ibms.0024_ibmdata_content_type_ibmdata_object_id_and_more... OK
  Applying ibms.0025_alter_ibmdata_ibmidentifier... OK
  Applying ibms.0026_remove_erservicepriority_ibmdata_and_more... OK
  Applying reversion.0001_squashed_0004_auto_20160611_1202... OK
  Applying reversion.0002_add_index_on_version_for_content_type_and_db... OK
test_cancel (ibms.test_views.IbmsViewsTest.test_cancel)
Test the cancelling the DataAmendmentUpdate view redirects to the list view 
... 
C:\Users\david\ibms\.venv\Lib\site-packages\django\core\handlers\base.py:61: 
UserWarning: No directory at: C:\Users\david\ibms\staticfiles\
  mw_instance = middleware(adapted_handler)
ok
test_clearglpivot_view_redirect 
(ibms.test_views.IbmsViewsTest.test_clearglpivot_view_redirect)
Test clearglpivot view redirects normal users, but not superusers. ... ok
test_code_update_admin_view_redirect 
(ibms.test_views.IbmsViewsTest.test_code_update_admin_view_redirect)
Test code_update_admin view redirects normal users, but not superusers. ... ok
test_homepage_superuser (ibms.test_views.IbmsViewsTest.test_homepage_superuser)
Test homepage view contains required elements for a superuser ... ok
test_homepage_user (ibms.test_views.IbmsViewsTest.test_homepage_user)
Site homepage view should not contain some elements for a normal user ... ok
test_ibms_admin_views (ibms.test_views.IbmsViewsTest.test_ibms_admin_views)
Test that the Django ibms app admin works ... ok
test_ibms_ajax_endpoints 
(ibms.test_views.IbmsViewsTest.test_ibms_ajax_endpoints)
  Applying sessions.0001_initial... OK
System check identified no issues (0 silenced).
2026-02-27 11:27:38,176 ERROR django.request Internal Server Error: /ajax/glpivdownload/financial-year/
Traceback (most recent call last):
  File "C:\Users\david\ibms\.venv\Lib\site-packages\django\core\handlers\exception.py", line 55, in inner
    response = get_response(request)
               ^^^^^^^^^^^^^^^^^^^^^
  File "C:\Users\david\ibms\.venv\Lib\site-packages\django\core\handlers\base.py", line 197, in _get_response
    response = wrapped_callback(request, *callback_args, **callback_kwargs)
               ^^^^^^^^^^^^^^^^^^^^^^^^^^^^^^^^^^^^^^^^^^^^^^^^^^^^^^^^^^^^
  File "C:\Users\david\ibms\.venv\Lib\site-packages\django\views\generic\base.py", line 105, in view
    return self.dispatch(request, *args, **kwargs)
           ^^^^^^^^^^^^^^^^^^^^^^^^^^^^^^^^^^^^^^^
  File "C:\Users\david\ibms\.venv\Lib\site-packages\django\views\generic\base.py", line 144, in dispatch
    return handler(request, *args, **kwargs)
           ^^^^^^^^^^^^^^^^^^^^^^^^^^^^^^^^^
  File "C:\Users\david\ibms\ibms_project\ibms\views.py", line 442, in get
    for obj in qs:
  File "C:\Users\david\ibms\.venv\Lib\site-packages\django\db\models\query.py", line 386, in __iter__
    self._fetch_all()
  File "C:\Users\david\ibms\.venv\Lib\site-packages\django\db\models\query.py", line 1954, in _fetch_all
    self._result_cache = list(self._iterable_class(self))
                         ^^^^^^^^^^^^^^^^^^^^^^^^^^^^^^^^
  File "C:\Users\david\ibms\.venv\Lib\site-packages\django\db\models\query.py", line 93, in __iter__
    results = compiler.execute_sql(
              ^^^^^^^^^^^^^^^^^^^^^
  File "C:\Users\david\ibms\.venv\Lib\site-packages\django\db\models\sql\compiler.py", line 1610, in execute_sql
    sql, params = self.as_sql()
                  ^^^^^^^^^^^^^
  File "C:\Users\david\ibms\.venv\Lib\site-packages\django\db\models\sql\compiler.py", line 815, in as_sql
    distinct_result, distinct_params = self.connection.ops.distinct_sql(
                                       ^^^^^^^^^^^^^^^^^^^^^^^^^^^^^^^^^
  File "C:\Users\david\ibms\.venv\Lib\site-packages\django\db\backends\base\operations.py", line 204, in distinct_sql
    raise NotSupportedError(
django.db.utils.NotSupportedError: DISTINCT ON fields is not supported by this database backend
Test that the IBMS AJAX endpoints work ... ERROR
test_ibms_data_amendment_list_filter 
(ibms.test_views.IbmsViewsTest.test_ibms_data_amendment_list_filter)
Test that the DataAmendmentList view returns filtered records ... ok
test_ibms_data_amendment_list_rule_budgetarea 
(ibms.test_views.IbmsViewsTest.test_ibms_data_amendment_list_rule_budgetarea)
Test the DataAmendmentList view business rule: filter out blank budgetArea ... 
ok
test_ibms_data_amendment_list_rule_dj0 
(ibms.test_views.IbmsViewsTest.test_ibms_data_amendment_list_rule_dj0)
Test the DataAmendmentList view business rule: filter out activity DJ0 ... ok
test_ibms_data_amendment_update_get 
(ibms.test_views.IbmsViewsTest.test_ibms_data_amendment_update_get)
Test that the DataAmendmentUpdate view responds ... ok
test_ibms_data_amendment_update_post 
(ibms.test_views.IbmsViewsTest.test_ibms_data_amendment_update_post)
Test that the DataAmendmentUpdate view responds correctly to a POST request 
... ok
test_ibms_views_get (ibms.test_views.IbmsViewsTest.test_ibms_views_get)
Test that all the 'normal user' IBMS views respond ... ok
test_ibms_views_req_auth 
(ibms.test_views.IbmsViewsTest.test_ibms_views_req_auth)
Test that all the IBMS views will redirect a non-auth'ed user ... ok
test_superuser_views_get 
(ibms.test_views.IbmsViewsTest.test_superuser_views_get)
Test superuser-only views load ... ok
test_superuser_views_redirect 
(ibms.test_views.IbmsViewsTest.test_superuser_views_redirect)
Test superuser-only views redirects normal users ... ok
test_upload_view_deptprogram_post 
(ibms.test_views.IbmsViewsTest.test_upload_view_deptprogram_post)
2026-02-27 11:28:48,799 ERROR django.request Internal Server Error: /upload/
Traceback (most recent call last):
  File "C:\Users\david\ibms\.venv\Lib\site-packages\django\core\handlers\exception.py", line 55, in inner
    response = get_response(request)
               ^^^^^^^^^^^^^^^^^^^^^
  File "C:\Users\david\ibms\.venv\Lib\site-packages\django\core\handlers\base.py", line 197, in _get_response
    response = wrapped_callback(request, *callback_args, **callback_kwargs)
               ^^^^^^^^^^^^^^^^^^^^^^^^^^^^^^^^^^^^^^^^^^^^^^^^^^^^^^^^^^^^
  File "C:\Users\david\ibms\.venv\Lib\site-packages\django\views\generic\base.py", line 105, in view
    return self.dispatch(request, *args, **kwargs)
           ^^^^^^^^^^^^^^^^^^^^^^^^^^^^^^^^^^^^^^^
  File "C:\Users\david\ibms\.venv\Lib\site-packages\reversion\views.py", line 28, in do_revision_view
    response = func(request, *args, **kwargs)
               ^^^^^^^^^^^^^^^^^^^^^^^^^^^^^^
  File "C:\Users\david\ibms\.venv\Lib\site-packages\django\contrib\auth\mixins.py", line 73, in dispatch
    return super().dispatch(request, *args, **kwargs)
           ^^^^^^^^^^^^^^^^^^^^^^^^^^^^^^^^^^^^^^^^^^
  File "C:\Users\david\ibms\.venv\Lib\site-packages\django\views\generic\base.py", line 144, in dispatch
    return handler(request, *args, **kwargs)
           ^^^^^^^^^^^^^^^^^^^^^^^^^^^^^^^^^
  File "C:\Users\david\ibms\.venv\Lib\site-packages\django\views\generic\edit.py", line 151, in post
    return self.form_valid(form)
           ^^^^^^^^^^^^^^^^^^^^^
  File "C:\Users\david\ibms\ibms_project\ibms\views.py", line 123, in form_valid
    file = open(t.name, "r")
           ^^^^^^^^^^^^^^^^^
PermissionError: [Errno 13] Permission denied: 'C:\\Users\\david\\AppData\\Local\\Temp\\tmpl80gzoc7'
Test a valid CSV upload for Department Program data. ... ERROR
test_upload_view_glpivot_fk_links 
(ibms.test_views.IbmsViewsTest.test_upload_view_glpivot_fk_links)
2026-02-27 11:28:53,943 ERROR django.request Internal Server Error: /upload/
Traceback (most recent call last):
  File "C:\Users\david\ibms\.venv\Lib\site-packages\django\core\handlers\exception.py", line 55, in inner
    response = get_response(request)
               ^^^^^^^^^^^^^^^^^^^^^
  File "C:\Users\david\ibms\.venv\Lib\site-packages\django\core\handlers\base.py", line 197, in _get_response
    response = wrapped_callback(request, *callback_args, **callback_kwargs)
               ^^^^^^^^^^^^^^^^^^^^^^^^^^^^^^^^^^^^^^^^^^^^^^^^^^^^^^^^^^^^
  File "C:\Users\david\ibms\.venv\Lib\site-packages\django\views\generic\base.py", line 105, in view
    return self.dispatch(request, *args, **kwargs)
           ^^^^^^^^^^^^^^^^^^^^^^^^^^^^^^^^^^^^^^^
  File "C:\Users\david\ibms\.venv\Lib\site-packages\reversion\views.py", line 28, in do_revision_view
    response = func(request, *args, **kwargs)
               ^^^^^^^^^^^^^^^^^^^^^^^^^^^^^^
  File "C:\Users\david\ibms\.venv\Lib\site-packages\django\contrib\auth\mixins.py", line 73, in dispatch
    return super().dispatch(request, *args, **kwargs)
           ^^^^^^^^^^^^^^^^^^^^^^^^^^^^^^^^^^^^^^^^^^
  File "C:\Users\david\ibms\.venv\Lib\site-packages\django\views\generic\base.py", line 144, in dispatch
    return handler(request, *args, **kwargs)
           ^^^^^^^^^^^^^^^^^^^^^^^^^^^^^^^^^
  File "C:\Users\david\ibms\.venv\Lib\site-packages\django\views\generic\edit.py", line 151, in post
    return self.form_valid(form)
           ^^^^^^^^^^^^^^^^^^^^^
  File "C:\Users\david\ibms\ibms_project\ibms\views.py", line 123, in form_valid
    file = open(t.name, "r")
           ^^^^^^^^^^^^^^^^^
PermissionError: [Errno 13] Permission denied: 'C:\\Users\\david\\AppData\\Local\\Temp\\tmp4jot49vf'
Following upload of GL pivot download data, confirm that a FK link to IBM data 
records are made. ... ERROR
test_upload_view_glpivot_post 
(ibms.test_views.IbmsViewsTest.test_upload_view_glpivot_post)
2026-02-27 11:28:59,745 ERROR django.request Internal Server Error: /upload/
Traceback (most recent call last):
  File "C:\Users\david\ibms\.venv\Lib\site-packages\django\core\handlers\exception.py", line 55, in inner
    response = get_response(request)
               ^^^^^^^^^^^^^^^^^^^^^
  File "C:\Users\david\ibms\.venv\Lib\site-packages\django\core\handlers\base.py", line 197, in _get_response
    response = wrapped_callback(request, *callback_args, **callback_kwargs)
               ^^^^^^^^^^^^^^^^^^^^^^^^^^^^^^^^^^^^^^^^^^^^^^^^^^^^^^^^^^^^
  File "C:\Users\david\ibms\.venv\Lib\site-packages\django\views\generic\base.py", line 105, in view
    return self.dispatch(request, *args, **kwargs)
           ^^^^^^^^^^^^^^^^^^^^^^^^^^^^^^^^^^^^^^^
  File "C:\Users\david\ibms\.venv\Lib\site-packages\reversion\views.py", line 28, in do_revision_view
    response = func(request, *args, **kwargs)
               ^^^^^^^^^^^^^^^^^^^^^^^^^^^^^^
  File "C:\Users\david\ibms\.venv\Lib\site-packages\django\contrib\auth\mixins.py", line 73, in dispatch
    return super().dispatch(request, *args, **kwargs)
           ^^^^^^^^^^^^^^^^^^^^^^^^^^^^^^^^^^^^^^^^^^
  File "C:\Users\david\ibms\.venv\Lib\site-packages\django\views\generic\base.py", line 144, in dispatch
    return handler(request, *args, **kwargs)
           ^^^^^^^^^^^^^^^^^^^^^^^^^^^^^^^^^
  File "C:\Users\david\ibms\.venv\Lib\site-packages\django\views\generic\edit.py", line 151, in post
    return self.form_valid(form)
           ^^^^^^^^^^^^^^^^^^^^^
  File "C:\Users\david\ibms\ibms_project\ibms\views.py", line 123, in form_valid
    file = open(t.name, "r")
           ^^^^^^^^^^^^^^^^^
PermissionError: [Errno 13] Permission denied: 'C:\\Users\\david\\AppData\\Local\\Temp\\tmp3x42_q3b'
Test a valid CSV upload for GL pivot download data. ... ERROR
test_upload_view_ibmdata_post 
(ibms.test_views.IbmsViewsTest.test_upload_view_ibmdata_post)
2026-02-27 11:29:05,517 ERROR django.request Internal Server Error: /upload/
Traceback (most recent call last):
  File "C:\Users\david\ibms\.venv\Lib\site-packages\django\core\handlers\exception.py", line 55, in inner
    response = get_response(request)
               ^^^^^^^^^^^^^^^^^^^^^
  File "C:\Users\david\ibms\.venv\Lib\site-packages\django\core\handlers\base.py", line 197, in _get_response
    response = wrapped_callback(request, *callback_args, **callback_kwargs)
               ^^^^^^^^^^^^^^^^^^^^^^^^^^^^^^^^^^^^^^^^^^^^^^^^^^^^^^^^^^^^
  File "C:\Users\david\ibms\.venv\Lib\site-packages\django\views\generic\base.py", line 105, in view
    return self.dispatch(request, *args, **kwargs)
           ^^^^^^^^^^^^^^^^^^^^^^^^^^^^^^^^^^^^^^^
  File "C:\Users\david\ibms\.venv\Lib\site-packages\reversion\views.py", line 28, in do_revision_view
    response = func(request, *args, **kwargs)
               ^^^^^^^^^^^^^^^^^^^^^^^^^^^^^^
  File "C:\Users\david\ibms\.venv\Lib\site-packages\django\contrib\auth\mixins.py", line 73, in dispatch
    return super().dispatch(request, *args, **kwargs)
           ^^^^^^^^^^^^^^^^^^^^^^^^^^^^^^^^^^^^^^^^^^
  File "C:\Users\david\ibms\.venv\Lib\site-packages\django\views\generic\base.py", line 144, in dispatch
    return handler(request, *args, **kwargs)
           ^^^^^^^^^^^^^^^^^^^^^^^^^^^^^^^^^
  File "C:\Users\david\ibms\.venv\Lib\site-packages\django\views\generic\edit.py", line 151, in post
    return self.form_valid(form)
           ^^^^^^^^^^^^^^^^^^^^^
  File "C:\Users\david\ibms\ibms_project\ibms\views.py", line 123, in form_valid
    file = open(t.name, "r")
           ^^^^^^^^^^^^^^^^^
PermissionError: [Errno 13] Permission denied: 'C:\\Users\\david\\AppData\\Local\\Temp\\tmp187m822g'
Test a valid CSV upload for IBM data. ... ERROR
test_content_security_policy_header (ibms.test_security_headers.SecurityHeaders
Test.test_content_security_policy_header)
Test that Content-Security-Policy header is present. ... ok
test_hsts_header 
(ibms.test_security_headers.SecurityHeadersTest.test_hsts_header)
Test that Strict-Transport-Security header is present. ... ok
test_x_frame_options_header 
(ibms.test_security_headers.SecurityHeadersTest.test_x_frame_options_header)
Test that X-Frame-Options header is set to DENY. ... ok
test_homepage_anonymous_redirect_time (ibms.test_performance.PerformanceBaselin
eTest.test_homepage_anonymous_redirect_time)
Test that anonymous user redirect is fast (< 200ms). ... ok
test_homepage_response_time 
(ibms.test_performance.PerformanceBaselineTest.test_homepage_response_time)
Test that homepage responds within 500ms threshold. ... ok
test_sfm_ajax_endpoints (sfm.tests.SfmViewsTest.test_sfm_ajax_endpoints)
Test sfm JSON endpoints for AJAX requests. ... ok
test_sfm_output_report_validation 
(sfm.tests.SfmViewsTest.test_sfm_output_report_validation)
Test sfm form validation errors. ... ok
test_sfm_views_render (sfm.tests.SfmViewsTest.test_sfm_views_render)
Test that all the SFM views render. ... ok
test_sfm_views_req_auth (sfm.tests.SfmViewsTest.test_sfm_views_req_auth)
Test that all the sfm views will redirect a non-auth'ed user. ... ok

======================================================================
ERROR: test_ibms_ajax_endpoints 
(ibms.test_views.IbmsViewsTest.test_ibms_ajax_endpoints)
Test that the IBMS AJAX endpoints work
----------------------------------------------------------------------
Traceback (most recent call last):
  File "C:\Users\david\ibms\ibms_project\ibms\test_views.py", line 207, in 
test_ibms_ajax_endpoints
    response = self.client.get(url, {"financialYear": self.fy.financialYear})
               ^^^^^^^^^^^^^^^^^^^^^^^^^^^^^^^^^^^^^^^^^^^^^^^^^^^^^^^^^^^^^^
  File "C:\Users\david\ibms\.venv\Lib\site-packages\django\test\client.py", 
line 1124, in get
    response = super().get(
               ^^^^^^^^^^^^
  File "C:\Users\david\ibms\.venv\Lib\site-packages\django\test\client.py", 
line 475, in get
    return self.generic(
           ^^^^^^^^^^^^^
  File "C:\Users\david\ibms\.venv\Lib\site-packages\django\test\client.py", 
line 671, in generic
    return self.request(**r)
           ^^^^^^^^^^^^^^^^^
  File "C:\Users\david\ibms\.venv\Lib\site-packages\django\test\client.py", 
line 1087, in request
    self.check_exception(response)
  File "C:\Users\david\ibms\.venv\Lib\site-packages\django\test\client.py", 
line 802, in check_exception
    raise exc_value
  File "C:\Users\david\ibms\.venv\Lib\site-packages\django\core\handlers\except
ion.py", line 55, in inner
    response = get_response(request)
               ^^^^^^^^^^^^^^^^^^^^^
  File 
"C:\Users\david\ibms\.venv\Lib\site-packages\django\core\handlers\base.py", 
line 197, in _get_response
    response = wrapped_callback(request, *callback_args, **callback_kwargs)
               ^^^^^^^^^^^^^^^^^^^^^^^^^^^^^^^^^^^^^^^^^^^^^^^^^^^^^^^^^^^^
  File 
"C:\Users\david\ibms\.venv\Lib\site-packages\django\views\generic\base.py", 
line 105, in view
    return self.dispatch(request, *args, **kwargs)
           ^^^^^^^^^^^^^^^^^^^^^^^^^^^^^^^^^^^^^^^
  File 
"C:\Users\david\ibms\.venv\Lib\site-packages\django\views\generic\base.py", 
line 144, in dispatch
    return handler(request, *args, **kwargs)
           ^^^^^^^^^^^^^^^^^^^^^^^^^^^^^^^^^
  File "C:\Users\david\ibms\ibms_project\ibms\views.py", line 442, in get
    for obj in qs:
  File 
"C:\Users\david\ibms\.venv\Lib\site-packages\django\db\models\query.py", line 
386, in __iter__
    self._fetch_all()
  File 
"C:\Users\david\ibms\.venv\Lib\site-packages\django\db\models\query.py", line 
1954, in _fetch_all
    self._result_cache = list(self._iterable_class(self))
                         ^^^^^^^^^^^^^^^^^^^^^^^^^^^^^^^^
  File 
"C:\Users\david\ibms\.venv\Lib\site-packages\django\db\models\query.py", line 
93, in __iter__
    results = compiler.execute_sql(
              ^^^^^^^^^^^^^^^^^^^^^
  File "C:\Users\david\ibms\.venv\Lib\site-packages\django\db\models\sql\compil
er.py", line 1610, in execute_sql
    sql, params = self.as_sql()
                  ^^^^^^^^^^^^^
  File "C:\Users\david\ibms\.venv\Lib\site-packages\django\db\models\sql\compil
er.py", line 815, in as_sql
    distinct_result, distinct_params = self.connection.ops.distinct_sql(
                                       ^^^^^^^^^^^^^^^^^^^^^^^^^^^^^^^^^
  File "C:\Users\david\ibms\.venv\Lib\site-packages\django\db\backends\base\ope
rations.py", line 204, in distinct_sql
    raise NotSupportedError(
django.db.utils.NotSupportedError: DISTINCT ON fields is not supported by this 
database backend

======================================================================
ERROR: test_upload_view_deptprogram_post 
(ibms.test_views.IbmsViewsTest.test_upload_view_deptprogram_post)
Test a valid CSV upload for Department Program data.
----------------------------------------------------------------------
Traceback (most recent call last):
  File "C:\Users\david\ibms\ibms_project\ibms\test_views.py", line 152, in 
test_upload_view_deptprogram_post
    resp = self.client.post(
           ^^^^^^^^^^^^^^^^^
  File "C:\Users\david\ibms\.venv\Lib\site-packages\django\test\client.py", 
line 1153, in post
    response = super().post(
               ^^^^^^^^^^^^^
  File "C:\Users\david\ibms\.venv\Lib\site-packages\django\test\client.py", 
line 499, in post
    return self.generic(
           ^^^^^^^^^^^^^
  File "C:\Users\david\ibms\.venv\Lib\site-packages\django\test\client.py", 
line 671, in generic
    return self.request(**r)
           ^^^^^^^^^^^^^^^^^
  File "C:\Users\david\ibms\.venv\Lib\site-packages\django\test\client.py", 
line 1087, in request
    self.check_exception(response)
  File "C:\Users\david\ibms\.venv\Lib\site-packages\django\test\client.py", 
line 802, in check_exception
    raise exc_value
  File "C:\Users\david\ibms\.venv\Lib\site-packages\django\core\handlers\except
ion.py", line 55, in inner
    response = get_response(request)
               ^^^^^^^^^^^^^^^^^^^^^
  File 
"C:\Users\david\ibms\.venv\Lib\site-packages\django\core\handlers\base.py", 
line 197, in _get_response
    response = wrapped_callback(request, *callback_args, **callback_kwargs)
               ^^^^^^^^^^^^^^^^^^^^^^^^^^^^^^^^^^^^^^^^^^^^^^^^^^^^^^^^^^^^
  File 
"C:\Users\david\ibms\.venv\Lib\site-packages\django\views\generic\base.py", 
line 105, in view
    return self.dispatch(request, *args, **kwargs)
           ^^^^^^^^^^^^^^^^^^^^^^^^^^^^^^^^^^^^^^^
  File "C:\Users\david\ibms\.venv\Lib\site-packages\reversion\views.py", line 
28, in do_revision_view
    response = func(request, *args, **kwargs)
               ^^^^^^^^^^^^^^^^^^^^^^^^^^^^^^
  File 
"C:\Users\david\ibms\.venv\Lib\site-packages\django\contrib\auth\mixins.py", 
line 73, in dispatch
    return super().dispatch(request, *args, **kwargs)
           ^^^^^^^^^^^^^^^^^^^^^^^^^^^^^^^^^^^^^^^^^^
  File 
"C:\Users\david\ibms\.venv\Lib\site-packages\django\views\generic\base.py", 
line 144, in dispatch
    return handler(request, *args, **kwargs)
           ^^^^^^^^^^^^^^^^^^^^^^^^^^^^^^^^^
  File 
"C:\Users\david\ibms\.venv\Lib\site-packages\django\views\generic\edit.py", 
line 151, in post
    return self.form_valid(form)
           ^^^^^^^^^^^^^^^^^^^^^
  File "C:\Users\david\ibms\ibms_project\ibms\views.py", line 123, in 
form_valid
    file = open(t.name, "r")
           ^^^^^^^^^^^^^^^^^
PermissionError: [Errno 13] Permission denied: 
'C:\\Users\\david\\AppData\\Local\\Temp\\tmpl80gzoc7'

======================================================================
ERROR: test_upload_view_glpivot_fk_links 
(ibms.test_views.IbmsViewsTest.test_upload_view_glpivot_fk_links)
Following upload of GL pivot download data, confirm that a FK link to IBM data 
records are made.
----------------------------------------------------------------------
Traceback (most recent call last):
  File "C:\Users\david\ibms\ibms_project\ibms\test_views.py", line 127, in 
test_upload_view_glpivot_fk_links
    _ = self.client.post(
        ^^^^^^^^^^^^^^^^^
  File "C:\Users\david\ibms\.venv\Lib\site-packages\django\test\client.py", 
line 1153, in post
    response = super().post(
               ^^^^^^^^^^^^^
  File "C:\Users\david\ibms\.venv\Lib\site-packages\django\test\client.py", 
line 499, in post
    return self.generic(
           ^^^^^^^^^^^^^
  File "C:\Users\david\ibms\.venv\Lib\site-packages\django\test\client.py", 
line 671, in generic
    return self.request(**r)
           ^^^^^^^^^^^^^^^^^
  File "C:\Users\david\ibms\.venv\Lib\site-packages\django\test\client.py", 
line 1087, in request
    self.check_exception(response)
  File "C:\Users\david\ibms\.venv\Lib\site-packages\django\test\client.py", 
line 802, in check_exception
    raise exc_value
  File "C:\Users\david\ibms\.venv\Lib\site-packages\django\core\handlers\except
ion.py", line 55, in inner
    response = get_response(request)
               ^^^^^^^^^^^^^^^^^^^^^
  File 
"C:\Users\david\ibms\.venv\Lib\site-packages\django\core\handlers\base.py", 
line 197, in _get_response
    response = wrapped_callback(request, *callback_args, **callback_kwargs)
               ^^^^^^^^^^^^^^^^^^^^^^^^^^^^^^^^^^^^^^^^^^^^^^^^^^^^^^^^^^^^
  File 
"C:\Users\david\ibms\.venv\Lib\site-packages\django\views\generic\base.py", 
line 105, in view
    return self.dispatch(request, *args, **kwargs)
           ^^^^^^^^^^^^^^^^^^^^^^^^^^^^^^^^^^^^^^^
  File "C:\Users\david\ibms\.venv\Lib\site-packages\reversion\views.py", line 
28, in do_revision_view
    response = func(request, *args, **kwargs)
               ^^^^^^^^^^^^^^^^^^^^^^^^^^^^^^
  File 
"C:\Users\david\ibms\.venv\Lib\site-packages\django\contrib\auth\mixins.py", 
line 73, in dispatch
    return super().dispatch(request, *args, **kwargs)
           ^^^^^^^^^^^^^^^^^^^^^^^^^^^^^^^^^^^^^^^^^^
  File 
"C:\Users\david\ibms\.venv\Lib\site-packages\django\views\generic\base.py", 
line 144, in dispatch
    return handler(request, *args, **kwargs)
           ^^^^^^^^^^^^^^^^^^^^^^^^^^^^^^^^^
  File 
"C:\Users\david\ibms\.venv\Lib\site-packages\django\views\generic\edit.py", 
line 151, in post
    return self.form_valid(form)
           ^^^^^^^^^^^^^^^^^^^^^
  File "C:\Users\david\ibms\ibms_project\ibms\views.py", line 123, in 
form_valid
    file = open(t.name, "r")
           ^^^^^^^^^^^^^^^^^
PermissionError: [Errno 13] Permission denied: 
'C:\\Users\\david\\AppData\\Local\\Temp\\tmp4jot49vf'

======================================================================
ERROR: test_upload_view_glpivot_post 
(ibms.test_views.IbmsViewsTest.test_upload_view_glpivot_post)
Test a valid CSV upload for GL pivot download data.
----------------------------------------------------------------------
Traceback (most recent call last):
  File "C:\Users\david\ibms\ibms_project\ibms\test_views.py", line 114, in 
test_upload_view_glpivot_post
    resp = self.client.post(
           ^^^^^^^^^^^^^^^^^
  File "C:\Users\david\ibms\.venv\Lib\site-packages\django\test\client.py", 
line 1153, in post
    response = super().post(
               ^^^^^^^^^^^^^
  File "C:\Users\david\ibms\.venv\Lib\site-packages\django\test\client.py", 
line 499, in post
    return self.generic(
           ^^^^^^^^^^^^^
  File "C:\Users\david\ibms\.venv\Lib\site-packages\django\test\client.py", 
line 671, in generic
    return self.request(**r)
           ^^^^^^^^^^^^^^^^^
  File "C:\Users\david\ibms\.venv\Lib\site-packages\django\test\client.py", 
line 1087, in request
    self.check_exception(response)
  File "C:\Users\david\ibms\.venv\Lib\site-packages\django\test\client.py", 
line 802, in check_exception
    raise exc_value
  File "C:\Users\david\ibms\.venv\Lib\site-packages\django\core\handlers\except
ion.py", line 55, in inner
    response = get_response(request)
               ^^^^^^^^^^^^^^^^^^^^^
  File 
"C:\Users\david\ibms\.venv\Lib\site-packages\django\core\handlers\base.py", 
line 197, in _get_response
    response = wrapped_callback(request, *callback_args, **callback_kwargs)
               ^^^^^^^^^^^^^^^^^^^^^^^^^^^^^^^^^^^^^^^^^^^^^^^^^^^^^^^^^^^^
  File 
"C:\Users\david\ibms\.venv\Lib\site-packages\django\views\generic\base.py", 
line 105, in view
    return self.dispatch(request, *args, **kwargs)
           ^^^^^^^^^^^^^^^^^^^^^^^^^^^^^^^^^^^^^^^
  File "C:\Users\david\ibms\.venv\Lib\site-packages\reversion\views.py", line 
28, in do_revision_view
    response = func(request, *args, **kwargs)
               ^^^^^^^^^^^^^^^^^^^^^^^^^^^^^^
  File 
"C:\Users\david\ibms\.venv\Lib\site-packages\django\contrib\auth\mixins.py", 
line 73, in dispatch
    return super().dispatch(request, *args, **kwargs)
           ^^^^^^^^^^^^^^^^^^^^^^^^^^^^^^^^^^^^^^^^^^
  File 
"C:\Users\david\ibms\.venv\Lib\site-packages\django\views\generic\base.py", 
line 144, in dispatch
    return handler(request, *args, **kwargs)
           ^^^^^^^^^^^^^^^^^^^^^^^^^^^^^^^^^
  File 
"C:\Users\david\ibms\.venv\Lib\site-packages\django\views\generic\edit.py", 
line 151, in post
    return self.form_valid(form)
           ^^^^^^^^^^^^^^^^^^^^^
  File "C:\Users\david\ibms\ibms_project\ibms\views.py", line 123, in 
form_valid
    file = open(t.name, "r")
           ^^^^^^^^^^^^^^^^^
PermissionError: [Errno 13] Permission denied: 
'C:\\Users\\david\\AppData\\Local\\Temp\\tmp3x42_q3b'

======================================================================
ERROR: test_upload_view_ibmdata_post 
(ibms.test_views.IbmsViewsTest.test_upload_view_ibmdata_post)
Test a valid CSV upload for IBM data.
----------------------------------------------------------------------
Traceback (most recent call last):
  File "C:\Users\david\ibms\ibms_project\ibms\test_views.py", line 100, in 
test_upload_view_ibmdata_post
    resp = self.client.post(
           ^^^^^^^^^^^^^^^^^
  File "C:\Users\david\ibms\.venv\Lib\site-packages\django\test\client.py", 
line 1153, in post
    response = super().post(
               ^^^^^^^^^^^^^
  File "C:\Users\david\ibms\.venv\Lib\site-packages\django\test\client.py", 
line 499, in post
    return self.generic(
           ^^^^^^^^^^^^^
  File "C:\Users\david\ibms\.venv\Lib\site-packages\django\test\client.py", 
line 671, in generic
    return self.request(**r)
           ^^^^^^^^^^^^^^^^^
  File "C:\Users\david\ibms\.venv\Lib\site-packages\django\test\client.py", 
line 1087, in request
    self.check_exception(response)
  File "C:\Users\david\ibms\.venv\Lib\site-packages\django\test\client.py", 
line 802, in check_exception
    raise exc_value
  File "C:\Users\david\ibms\.venv\Lib\site-packages\django\core\handlers\except
ion.py", line 55, in inner
    response = get_response(request)
               ^^^^^^^^^^^^^^^^^^^^^
  File 
"C:\Users\david\ibms\.venv\Lib\site-packages\django\core\handlers\base.py", 
line 197, in _get_response
    response = wrapped_callback(request, *callback_args, **callback_kwargs)
               ^^^^^^^^^^^^^^^^^^^^^^^^^^^^^^^^^^^^^^^^^^^^^^^^^^^^^^^^^^^^
  File 
"C:\Users\david\ibms\.venv\Lib\site-packages\django\views\generic\base.py", 
line 105, in view
    return self.dispatch(request, *args, **kwargs)
           ^^^^^^^^^^^^^^^^^^^^^^^^^^^^^^^^^^^^^^^
  File "C:\Users\david\ibms\.venv\Lib\site-packages\reversion\views.py", line 
28, in do_revision_view
    response = func(request, *args, **kwargs)
               ^^^^^^^^^^^^^^^^^^^^^^^^^^^^^^
  File 
"C:\Users\david\ibms\.venv\Lib\site-packages\django\contrib\auth\mixins.py", 
line 73, in dispatch
    return super().dispatch(request, *args, **kwargs)
           ^^^^^^^^^^^^^^^^^^^^^^^^^^^^^^^^^^^^^^^^^^
  File 
"C:\Users\david\ibms\.venv\Lib\site-packages\django\views\generic\base.py", 
line 144, in dispatch
    return handler(request, *args, **kwargs)
           ^^^^^^^^^^^^^^^^^^^^^^^^^^^^^^^^^
  File 
"C:\Users\david\ibms\.venv\Lib\site-packages\django\views\generic\edit.py", 
line 151, in post
    return self.form_valid(form)
           ^^^^^^^^^^^^^^^^^^^^^
  File "C:\Users\david\ibms\ibms_project\ibms\views.py", line 123, in 
form_valid
    file = open(t.name, "r")
           ^^^^^^^^^^^^^^^^^
PermissionError: [Errno 13] Permission denied: 
'C:\\Users\\david\\AppData\\Local\\Temp\\tmp187m822g'

----------------------------------------------------------------------
Ran 29 tests in 179.739s

FAILED (errors=5)
Destroying test database for alias 'default' 
('file:memorydb_default?mode=memory&cache=shared')...


================================================================================
COMPLETE CODE COVERAGE REPORT
================================================================================
Name                                 Stmts   Miss Branch BrPart   Cover
-----------------------------------------------------------------------
ibms_project\__init__.py                 0      0      0      0 100.00%
ibms_project\context_processors.py       4      0      0      0 100.00%
ibms_project\ibms\__init__.py            0      0      0      0 100.00%
ibms_project\ibms\admin.py             155    148     18      1   4.62%
ibms_project\ibms\apps.py                5      5      0      0   0.00%
ibms_project\ibms\forms.py             217     65     42      4  64.09%
ibms_project\ibms\models.py            292    257     40     12  15.96%
ibms_project\ibms\reports.py           335    320     74      0   3.67%
ibms_project\ibms\tests.py              16      0      0      0 100.00%
ibms_project\ibms\urls.py                5      0      0      0 100.00%
ibms_project\ibms\utils.py             255    227    106      1   8.03%
ibms_project\ibms\views.py             402    150    118     20  58.85%
ibms_project\middleware.py              95     44     36     11  54.96%
ibms_project\settings.py                73     73      6      0   0.00%
ibms_project\sfm\__init__.py             0      0      0      0 100.00%
ibms_project\sfm\admin.py               48     48      2      0   0.00%
ibms_project\sfm\apps.py                 5      5      0      0   0.00%
ibms_project\sfm\forms.py               39      3      0      0  92.31%
ibms_project\sfm\models.py              63     62      2      0   1.54%
ibms_project\sfm\report.py              63     58     20      0   6.02%
ibms_project\sfm\tests.py               38      0      6      0 100.00%
ibms_project\sfm\urls.py                 6      0      0      0 100.00%
ibms_project\sfm\utils.py              121    108     56      0   7.34%
ibms_project\sfm\views.py              142     60     32      6  50.57%
ibms_project\signals.py                 21      1      2      1  91.30%
ibms_project\urls.py                     8      0      0      0 100.00%
ibms_project\wsgi.py                    10     10      2      0   0.00%
-----------------------------------------------------------------------
TOTAL                                 2418   1644    562     56  30.07%

Test run completed!
